// Jest Snapshot v1, https://goo.gl/fbAQLP

exports[`test form select test single select 1`] = `
<DocumentFragment>
  <div
    class="MuiFormControl-root"
  >
    <div
      class="MuiInputBase-root MuiOutlinedInput-root MuiInputBase-formControl"
    >
      <div
        aria-haspopup="listbox"
        aria-labelledby="formSelect"
        class="MuiSelect-root MuiSelect-select MuiSelect-selectMenu MuiSelect-outlined MuiInputBase-input MuiOutlinedInput-input"
        id="formSelect"
        role="button"
        tabindex="0"
      >
        foo
      </div>
      <input
        aria-hidden="true"
        class="MuiSelect-nativeInput"
        name="formSelect"
        tabindex="-1"
        value="1"
      />
      <svg
        aria-hidden="true"
        class="MuiSvgIcon-root MuiSelect-icon MuiSelect-iconOutlined"
        focusable="false"
        viewBox="0 0 24 24"
      >
        <path
          d="M7 10l5 5 5-5z"
        />
      </svg>
      <fieldset
        aria-hidden="true"
        class="PrivateNotchedOutline-root-1 MuiOutlinedInput-notchedOutline"
        style="padding-left: 8px;"
      >
        <legend
          class="PrivateNotchedOutline-legend-2"
          style="width: 0.01px;"
        >
          <span>
            â€‹
          </span>
        </legend>
      </fieldset>
    </div>
    <p
      class="MuiFormHelperText-root select-error MuiFormHelperText-filled"
    />
  </div>
</DocumentFragment>
`;
